// Jest Snapshot v1, https://goo.gl/fbAQLP

exports[`<ProgressBarsDemo /> renders without crashing 1`] = `ShallowWrapper {}`;
