// Jest Snapshot v1, https://goo.gl/fbAQLP

exports[`<PageNotFound /> should render <PageNotFound /> 1`] = `
<div>
  <div
    class="sc-bdVaJa iYIqAn"
  >
    <span
      aria-label="Cross"
      role="img"
    >
      ‚ùå
    </span>
     
    Page Not Found
  </div>
</div>
`;
