// Jest Snapshot v1, https://goo.gl/fbAQLP

exports[`<NumberButton /> should render <NumberButton /> 1`] = `
<div>
  <button
    class="sc-bdVaJa jywRWz"
  >
    +30
  </button>
</div>
`;
