// Jest Snapshot v1, https://goo.gl/fbAQLP

exports[`<Footer /> should render <Footer /> 1`] = `
<div>
  <footer
    class="sc-bdVaJa SyRAu"
  >
    This is Footer
  </footer>
</div>
`;
